15:00:34 **** Build of configuration Debug for project ARM_UART ****
make -j12 all 
arm-none-eabi-gcc "../MCAL/MUART/MUART_prg.c" -mcpu=cortex-m3 -std=gnu11 -g3 -DDEBUG -DSTM32 -DSTM32F1 -DSTM32F103C8Tx -c -I"G:/All emportant studies/NTI-embedded/ARM/NTI/MY workspace/ARM_UART/MCAL/MAFIO" -I"G:/All emportant studies/NTI-embedded/ARM/NTI/MY workspace/ARM_UART/MCAL/MDMA" -I"G:/All emportant studies/NTI-embedded/ARM/NTI/MY workspace/ARM_UART/MCAL/MUART" -I"G:/All emportant studies/NTI-embedded/ARM/NTI/MY workspace/ARM_UART/MCAL/MEXTI" -I"G:/All emportant studies/NTI-embedded/ARM/NTI/MY workspace/ARM_UART/MCAL/MNVIC" -I../Inc -I"G:/All emportant studies/NTI-embedded/ARM/NTI/MY workspace/ARM_UART/HAL/HLED_MRX" -I"G:/All emportant studies/NTI-embedded/ARM/NTI/MY workspace/ARM_UART/MCAL/MSysTick" -I"G:/All emportant studies/NTI-embedded/ARM/NTI/MY workspace/ARM_UART/HAL/HSWITCH" -I"G:/All emportant studies/NTI-embedded/ARM/NTI/MY workspace/ARM_UART/HAL/LED" -I"G:/All emportant studies/NTI-embedded/ARM/NTI/MY workspace/ARM_UART/MCAL/MGPIO" -I"G:/All emportant studies/NTI-embedded/ARM/NTI/MY workspace/ARM_UART/MCAL/MRCC" -I"G:/All emportant studies/NTI-embedded/ARM/NTI/MY workspace/ARM_UART/HAL" -I"G:/All emportant studies/NTI-embedded/ARM/NTI/MY workspace/ARM_UART/LIB" -I"G:/All emportant studies/NTI-embedded/ARM/NTI/MY workspace/ARM_UART/MCAL" -O0 -ffunction-sections -fdata-sections -Wall -fstack-usage -MMD -MP -MF"MCAL/MUART/MUART_prg.d" -MT"MCAL/MUART/MUART_prg.o" --specs=nano.specs -mfloat-abi=soft -mthumb -o "MCAL/MUART/MUART_prg.o"
arm-none-eabi-gcc "../MCAL/MSysTick/MSTK_prg.c" -mcpu=cortex-m3 -std=gnu11 -g3 -DDEBUG -DSTM32 -DSTM32F1 -DSTM32F103C8Tx -c -I"G:/All emportant studies/NTI-embedded/ARM/NTI/MY workspace/ARM_UART/MCAL/MAFIO" -I"G:/All emportant studies/NTI-embedded/ARM/NTI/MY workspace/ARM_UART/MCAL/MDMA" -I"G:/All emportant studies/NTI-embedded/ARM/NTI/MY workspace/ARM_UART/MCAL/MUART" -I"G:/All emportant studies/NTI-embedded/ARM/NTI/MY workspace/ARM_UART/MCAL/MEXTI" -I"G:/All emportant studies/NTI-embedded/ARM/NTI/MY workspace/ARM_UART/MCAL/MNVIC" -I../Inc -I"G:/All emportant studies/NTI-embedded/ARM/NTI/MY workspace/ARM_UART/HAL/HLED_MRX" -I"G:/All emportant studies/NTI-embedded/ARM/NTI/MY workspace/ARM_UART/MCAL/MSysTick" -I"G:/All emportant studies/NTI-embedded/ARM/NTI/MY workspace/ARM_UART/HAL/HSWITCH" -I"G:/All emportant studies/NTI-embedded/ARM/NTI/MY workspace/ARM_UART/HAL/LED" -I"G:/All emportant studies/NTI-embedded/ARM/NTI/MY workspace/ARM_UART/MCAL/MGPIO" -I"G:/All emportant studies/NTI-embedded/ARM/NTI/MY workspace/ARM_UART/MCAL/MRCC" -I"G:/All emportant studies/NTI-embedded/ARM/NTI/MY workspace/ARM_UART/HAL" -I"G:/All emportant studies/NTI-embedded/ARM/NTI/MY workspace/ARM_UART/LIB" -I"G:/All emportant studies/NTI-embedded/ARM/NTI/MY workspace/ARM_UART/MCAL" -O0 -ffunction-sections -fdata-sections -Wall -fstack-usage -MMD -MP -MF"MCAL/MSysTick/MSTK_prg.d" -MT"MCAL/MSysTick/MSTK_prg.o" --specs=nano.specs -mfloat-abi=soft -mthumb -o "MCAL/MSysTick/MSTK_prg.o"
arm-none-eabi-gcc "../MCAL/MSPI/MSPI_prog.c" -mcpu=cortex-m3 -std=gnu11 -g3 -DDEBUG -DSTM32 -DSTM32F1 -DSTM32F103C8Tx -c -I"G:/All emportant studies/NTI-embedded/ARM/NTI/MY workspace/ARM_UART/MCAL/MAFIO" -I"G:/All emportant studies/NTI-embedded/ARM/NTI/MY workspace/ARM_UART/MCAL/MDMA" -I"G:/All emportant studies/NTI-embedded/ARM/NTI/MY workspace/ARM_UART/MCAL/MUART" -I"G:/All emportant studies/NTI-embedded/ARM/NTI/MY workspace/ARM_UART/MCAL/MEXTI" -I"G:/All emportant studies/NTI-embedded/ARM/NTI/MY workspace/ARM_UART/MCAL/MNVIC" -I../Inc -I"G:/All emportant studies/NTI-embedded/ARM/NTI/MY workspace/ARM_UART/HAL/HLED_MRX" -I"G:/All emportant studies/NTI-embedded/ARM/NTI/MY workspace/ARM_UART/MCAL/MSysTick" -I"G:/All emportant studies/NTI-embedded/ARM/NTI/MY workspace/ARM_UART/HAL/HSWITCH" -I"G:/All emportant studies/NTI-embedded/ARM/NTI/MY workspace/ARM_UART/HAL/LED" -I"G:/All emportant studies/NTI-embedded/ARM/NTI/MY workspace/ARM_UART/MCAL/MGPIO" -I"G:/All emportant studies/NTI-embedded/ARM/NTI/MY workspace/ARM_UART/MCAL/MRCC" -I"G:/All emportant studies/NTI-embedded/ARM/NTI/MY workspace/ARM_UART/HAL" -I"G:/All emportant studies/NTI-embedded/ARM/NTI/MY workspace/ARM_UART/LIB" -I"G:/All emportant studies/NTI-embedded/ARM/NTI/MY workspace/ARM_UART/MCAL" -O0 -ffunction-sections -fdata-sections -Wall -fstack-usage -MMD -MP -MF"MCAL/MSPI/MSPI_prog.d" -MT"MCAL/MSPI/MSPI_prog.o" --specs=nano.specs -mfloat-abi=soft -mthumb -o "MCAL/MSPI/MSPI_prog.o"
../MCAL/MUART/MUART_prg.c: In function 'MUSART1_enSendByteAsynch':
../MCAL/MUART/MUART_prg.c:111:1: warning: control reaches end of non-void function [-Wreturn-type]
  111 | }
      | ^
../MCAL/MUART/MUART_prg.c: In function 'MUSART1_enRecieveByteAsynch':
../MCAL/MUART/MUART_prg.c:117:1: warning: control reaches end of non-void function [-Wreturn-type]
  117 | }
      | ^
arm-none-eabi-gcc "../MCAL/MRCC/MRCC_prg.c" -mcpu=cortex-m3 -std=gnu11 -g3 -DDEBUG -DSTM32 -DSTM32F1 -DSTM32F103C8Tx -c -I"G:/All emportant studies/NTI-embedded/ARM/NTI/MY workspace/ARM_UART/MCAL/MAFIO" -I"G:/All emportant studies/NTI-embedded/ARM/NTI/MY workspace/ARM_UART/MCAL/MDMA" -I"G:/All emportant studies/NTI-embedded/ARM/NTI/MY workspace/ARM_UART/MCAL/MUART" -I"G:/All emportant studies/NTI-embedded/ARM/NTI/MY workspace/ARM_UART/MCAL/MEXTI" -I"G:/All emportant studies/NTI-embedded/ARM/NTI/MY workspace/ARM_UART/MCAL/MNVIC" -I../Inc -I"G:/All emportant studies/NTI-embedded/ARM/NTI/MY workspace/ARM_UART/HAL/HLED_MRX" -I"G:/All emportant studies/NTI-embedded/ARM/NTI/MY workspace/ARM_UART/MCAL/MSysTick" -I"G:/All emportant studies/NTI-embedded/ARM/NTI/MY workspace/ARM_UART/HAL/HSWITCH" -I"G:/All emportant studies/NTI-embedded/ARM/NTI/MY workspace/ARM_UART/HAL/LED" -I"G:/All emportant studies/NTI-embedded/ARM/NTI/MY workspace/ARM_UART/MCAL/MGPIO" -I"G:/All emportant studies/NTI-embedded/ARM/NTI/MY workspace/ARM_UART/MCAL/MRCC" -I"G:/All emportant studies/NTI-embedded/ARM/NTI/MY workspace/ARM_UART/HAL" -I"G:/All emportant studies/NTI-embedded/ARM/NTI/MY workspace/ARM_UART/LIB" -I"G:/All emportant studies/NTI-embedded/ARM/NTI/MY workspace/ARM_UART/MCAL" -O0 -ffunction-sections -fdata-sections -Wall -fstack-usage -MMD -MP -MF"MCAL/MRCC/MRCC_prg.d" -MT"MCAL/MRCC/MRCC_prg.o" --specs=nano.specs -mfloat-abi=soft -mthumb -o "MCAL/MRCC/MRCC_prg.o"
../MCAL/MSysTick/MSTK_prg.c: In function 'MSTK_enSetInterValSingle':
../MCAL/MSysTick/MSTK_prg.c:67:5: warning: unused variable 'SG_u8Interval_Mode' [-Wunused-variable]
   67 |  u8 SG_u8Interval_Mode=STK_MODE_SINGLE;
      |     ^~~~~~~~~~~~~~~~~~
../MCAL/MSysTick/MSTK_prg.c: In function 'MSTK_enSetInterValPeriodic':
../MCAL/MSysTick/MSTK_prg.c:96:5: warning: unused variable 'SG_u8Interval_Mode' [-Wunused-variable]
   96 |  u8 SG_u8Interval_Mode=STK_MODE_PERIODIC;
      |     ^~~~~~~~~~~~~~~~~~
../MCAL/MSPI/MSPI_prog.c: In function 'SPI2_u8SendRecive':
../MCAL/MSPI/MSPI_prog.c:75:8: warning: implicit declaration of function 'READ_BIT' [-Wimplicit-function-declaration]
   75 |  while(READ_BIT(SPI2->SPI_SR,BSY))  ;
      |        ^~~~~~~~
arm-none-eabi-gcc "../MCAL/MNVIC/MNVIC_prg.c" -mcpu=cortex-m3 -std=gnu11 -g3 -DDEBUG -DSTM32 -DSTM32F1 -DSTM32F103C8Tx -c -I"G:/All emportant studies/NTI-embedded/ARM/NTI/MY workspace/ARM_UART/MCAL/MAFIO" -I"G:/All emportant studies/NTI-embedded/ARM/NTI/MY workspace/ARM_UART/MCAL/MDMA" -I"G:/All emportant studies/NTI-embedded/ARM/NTI/MY workspace/ARM_UART/MCAL/MUART" -I"G:/All emportant studies/NTI-embedded/ARM/NTI/MY workspace/ARM_UART/MCAL/MEXTI" -I"G:/All emportant studies/NTI-embedded/ARM/NTI/MY workspace/ARM_UART/MCAL/MNVIC" -I../Inc -I"G:/All emportant studies/NTI-embedded/ARM/NTI/MY workspace/ARM_UART/HAL/HLED_MRX" -I"G:/All emportant studies/NTI-embedded/ARM/NTI/MY workspace/ARM_UART/MCAL/MSysTick" -I"G:/All emportant studies/NTI-embedded/ARM/NTI/MY workspace/ARM_UART/HAL/HSWITCH" -I"G:/All emportant studies/NTI-embedded/ARM/NTI/MY workspace/ARM_UART/HAL/LED" -I"G:/All emportant studies/NTI-embedded/ARM/NTI/MY workspace/ARM_UART/MCAL/MGPIO" -I"G:/All emportant studies/NTI-embedded/ARM/NTI/MY workspace/ARM_UART/MCAL/MRCC" -I"G:/All emportant studies/NTI-embedded/ARM/NTI/MY workspace/ARM_UART/HAL" -I"G:/All emportant studies/NTI-embedded/ARM/NTI/MY workspace/ARM_UART/LIB" -I"G:/All emportant studies/NTI-embedded/ARM/NTI/MY workspace/ARM_UART/MCAL" -O0 -ffunction-sections -fdata-sections -Wall -fstack-usage -MMD -MP -MF"MCAL/MNVIC/MNVIC_prg.d" -MT"MCAL/MNVIC/MNVIC_prg.o" --specs=nano.specs -mfloat-abi=soft -mthumb -o "MCAL/MNVIC/MNVIC_prg.o"
arm-none-eabi-gcc "../MCAL/MGPIO/MGPIO_prg.c" -mcpu=cortex-m3 -std=gnu11 -g3 -DDEBUG -DSTM32 -DSTM32F1 -DSTM32F103C8Tx -c -I"G:/All emportant studies/NTI-embedded/ARM/NTI/MY workspace/ARM_UART/MCAL/MAFIO" -I"G:/All emportant studies/NTI-embedded/ARM/NTI/MY workspace/ARM_UART/MCAL/MDMA" -I"G:/All emportant studies/NTI-embedded/ARM/NTI/MY workspace/ARM_UART/MCAL/MUART" -I"G:/All emportant studies/NTI-embedded/ARM/NTI/MY workspace/ARM_UART/MCAL/MEXTI" -I"G:/All emportant studies/NTI-embedded/ARM/NTI/MY workspace/ARM_UART/MCAL/MNVIC" -I../Inc -I"G:/All emportant studies/NTI-embedded/ARM/NTI/MY workspace/ARM_UART/HAL/HLED_MRX" -I"G:/All emportant studies/NTI-embedded/ARM/NTI/MY workspace/ARM_UART/MCAL/MSysTick" -I"G:/All emportant studies/NTI-embedded/ARM/NTI/MY workspace/ARM_UART/HAL/HSWITCH" -I"G:/All emportant studies/NTI-embedded/ARM/NTI/MY workspace/ARM_UART/HAL/LED" -I"G:/All emportant studies/NTI-embedded/ARM/NTI/MY workspace/ARM_UART/MCAL/MGPIO" -I"G:/All emportant studies/NTI-embedded/ARM/NTI/MY workspace/ARM_UART/MCAL/MRCC" -I"G:/All emportant studies/NTI-embedded/ARM/NTI/MY workspace/ARM_UART/HAL" -I"G:/All emportant studies/NTI-embedded/ARM/NTI/MY workspace/ARM_UART/LIB" -I"G:/All emportant studies/NTI-embedded/ARM/NTI/MY workspace/ARM_UART/MCAL" -O0 -ffunction-sections -fdata-sections -Wall -fstack-usage -MMD -MP -MF"MCAL/MGPIO/MGPIO_prg.d" -MT"MCAL/MGPIO/MGPIO_prg.o" --specs=nano.specs -mfloat-abi=soft -mthumb -o "MCAL/MGPIO/MGPIO_prg.o"
arm-none-eabi-gcc "../MCAL/MEXTI/MEXTI_prog.c" -mcpu=cortex-m3 -std=gnu11 -g3 -DDEBUG -DSTM32 -DSTM32F1 -DSTM32F103C8Tx -c -I"G:/All emportant studies/NTI-embedded/ARM/NTI/MY workspace/ARM_UART/MCAL/MAFIO" -I"G:/All emportant studies/NTI-embedded/ARM/NTI/MY workspace/ARM_UART/MCAL/MDMA" -I"G:/All emportant studies/NTI-embedded/ARM/NTI/MY workspace/ARM_UART/MCAL/MUART" -I"G:/All emportant studies/NTI-embedded/ARM/NTI/MY workspace/ARM_UART/MCAL/MEXTI" -I"G:/All emportant studies/NTI-embedded/ARM/NTI/MY workspace/ARM_UART/MCAL/MNVIC" -I../Inc -I"G:/All emportant studies/NTI-embedded/ARM/NTI/MY workspace/ARM_UART/HAL/HLED_MRX" -I"G:/All emportant studies/NTI-embedded/ARM/NTI/MY workspace/ARM_UART/MCAL/MSysTick" -I"G:/All emportant studies/NTI-embedded/ARM/NTI/MY workspace/ARM_UART/HAL/HSWITCH" -I"G:/All emportant studies/NTI-embedded/ARM/NTI/MY workspace/ARM_UART/HAL/LED" -I"G:/All emportant studies/NTI-embedded/ARM/NTI/MY workspace/ARM_UART/MCAL/MGPIO" -I"G:/All emportant studies/NTI-embedded/ARM/NTI/MY workspace/ARM_UART/MCAL/MRCC" -I"G:/All emportant studies/NTI-embedded/ARM/NTI/MY workspace/ARM_UART/HAL" -I"G:/All emportant studies/NTI-embedded/ARM/NTI/MY workspace/ARM_UART/LIB" -I"G:/All emportant studies/NTI-embedded/ARM/NTI/MY workspace/ARM_UART/MCAL" -O0 -ffunction-sections -fdata-sections -Wall -fstack-usage -MMD -MP -MF"MCAL/MEXTI/MEXTI_prog.d" -MT"MCAL/MEXTI/MEXTI_prog.o" --specs=nano.specs -mfloat-abi=soft -mthumb -o "MCAL/MEXTI/MEXTI_prog.o"
arm-none-eabi-gcc "../MCAL/MDMA/MDMA_prg.c" -mcpu=cortex-m3 -std=gnu11 -g3 -DDEBUG -DSTM32 -DSTM32F1 -DSTM32F103C8Tx -c -I"G:/All emportant studies/NTI-embedded/ARM/NTI/MY workspace/ARM_UART/MCAL/MAFIO" -I"G:/All emportant studies/NTI-embedded/ARM/NTI/MY workspace/ARM_UART/MCAL/MDMA" -I"G:/All emportant studies/NTI-embedded/ARM/NTI/MY workspace/ARM_UART/MCAL/MUART" -I"G:/All emportant studies/NTI-embedded/ARM/NTI/MY workspace/ARM_UART/MCAL/MEXTI" -I"G:/All emportant studies/NTI-embedded/ARM/NTI/MY workspace/ARM_UART/MCAL/MNVIC" -I../Inc -I"G:/All emportant studies/NTI-embedded/ARM/NTI/MY workspace/ARM_UART/HAL/HLED_MRX" -I"G:/All emportant studies/NTI-embedded/ARM/NTI/MY workspace/ARM_UART/MCAL/MSysTick" -I"G:/All emportant studies/NTI-embedded/ARM/NTI/MY workspace/ARM_UART/HAL/HSWITCH" -I"G:/All emportant studies/NTI-embedded/ARM/NTI/MY workspace/ARM_UART/HAL/LED" -I"G:/All emportant studies/NTI-embedded/ARM/NTI/MY workspace/ARM_UART/MCAL/MGPIO" -I"G:/All emportant studies/NTI-embedded/ARM/NTI/MY workspace/ARM_UART/MCAL/MRCC" -I"G:/All emportant studies/NTI-embedded/ARM/NTI/MY workspace/ARM_UART/HAL" -I"G:/All emportant studies/NTI-embedded/ARM/NTI/MY workspace/ARM_UART/LIB" -I"G:/All emportant studies/NTI-embedded/ARM/NTI/MY workspace/ARM_UART/MCAL" -O0 -ffunction-sections -fdata-sections -Wall -fstack-usage -MMD -MP -MF"MCAL/MDMA/MDMA_prg.d" -MT"MCAL/MDMA/MDMA_prg.o" --specs=nano.specs -mfloat-abi=soft -mthumb -o "MCAL/MDMA/MDMA_prg.o"
arm-none-eabi-gcc "../MCAL/MAFIO/MAFIO_prg.c" -mcpu=cortex-m3 -std=gnu11 -g3 -DDEBUG -DSTM32 -DSTM32F1 -DSTM32F103C8Tx -c -I"G:/All emportant studies/NTI-embedded/ARM/NTI/MY workspace/ARM_UART/MCAL/MAFIO" -I"G:/All emportant studies/NTI-embedded/ARM/NTI/MY workspace/ARM_UART/MCAL/MDMA" -I"G:/All emportant studies/NTI-embedded/ARM/NTI/MY workspace/ARM_UART/MCAL/MUART" -I"G:/All emportant studies/NTI-embedded/ARM/NTI/MY workspace/ARM_UART/MCAL/MEXTI" -I"G:/All emportant studies/NTI-embedded/ARM/NTI/MY workspace/ARM_UART/MCAL/MNVIC" -I../Inc -I"G:/All emportant studies/NTI-embedded/ARM/NTI/MY workspace/ARM_UART/HAL/HLED_MRX" -I"G:/All emportant studies/NTI-embedded/ARM/NTI/MY workspace/ARM_UART/MCAL/MSysTick" -I"G:/All emportant studies/NTI-embedded/ARM/NTI/MY workspace/ARM_UART/HAL/HSWITCH" -I"G:/All emportant studies/NTI-embedded/ARM/NTI/MY workspace/ARM_UART/HAL/LED" -I"G:/All emportant studies/NTI-embedded/ARM/NTI/MY workspace/ARM_UART/MCAL/MGPIO" -I"G:/All emportant studies/NTI-embedded/ARM/NTI/MY workspace/ARM_UART/MCAL/MRCC" -I"G:/All emportant studies/NTI-embedded/ARM/NTI/MY workspace/ARM_UART/HAL" -I"G:/All emportant studies/NTI-embedded/ARM/NTI/MY workspace/ARM_UART/LIB" -I"G:/All emportant studies/NTI-embedded/ARM/NTI/MY workspace/ARM_UART/MCAL" -O0 -ffunction-sections -fdata-sections -Wall -fstack-usage -MMD -MP -MF"MCAL/MAFIO/MAFIO_prg.d" -MT"MCAL/MAFIO/MAFIO_prg.o" --specs=nano.specs -mfloat-abi=soft -mthumb -o "MCAL/MAFIO/MAFIO_prg.o"
arm-none-eabi-gcc "../HAL/LED/HLED_prg.c" -mcpu=cortex-m3 -std=gnu11 -g3 -DDEBUG -DSTM32 -DSTM32F1 -DSTM32F103C8Tx -c -I"G:/All emportant studies/NTI-embedded/ARM/NTI/MY workspace/ARM_UART/MCAL/MAFIO" -I"G:/All emportant studies/NTI-embedded/ARM/NTI/MY workspace/ARM_UART/MCAL/MDMA" -I"G:/All emportant studies/NTI-embedded/ARM/NTI/MY workspace/ARM_UART/MCAL/MUART" -I"G:/All emportant studies/NTI-embedded/ARM/NTI/MY workspace/ARM_UART/MCAL/MEXTI" -I"G:/All emportant studies/NTI-embedded/ARM/NTI/MY workspace/ARM_UART/MCAL/MNVIC" -I../Inc -I"G:/All emportant studies/NTI-embedded/ARM/NTI/MY workspace/ARM_UART/HAL/HLED_MRX" -I"G:/All emportant studies/NTI-embedded/ARM/NTI/MY workspace/ARM_UART/MCAL/MSysTick" -I"G:/All emportant studies/NTI-embedded/ARM/NTI/MY workspace/ARM_UART/HAL/HSWITCH" -I"G:/All emportant studies/NTI-embedded/ARM/NTI/MY workspace/ARM_UART/HAL/LED" -I"G:/All emportant studies/NTI-embedded/ARM/NTI/MY workspace/ARM_UART/MCAL/MGPIO" -I"G:/All emportant studies/NTI-embedded/ARM/NTI/MY workspace/ARM_UART/MCAL/MRCC" -I"G:/All emportant studies/NTI-embedded/ARM/NTI/MY workspace/ARM_UART/HAL" -I"G:/All emportant studies/NTI-embedded/ARM/NTI/MY workspace/ARM_UART/LIB" -I"G:/All emportant studies/NTI-embedded/ARM/NTI/MY workspace/ARM_UART/MCAL" -O0 -ffunction-sections -fdata-sections -Wall -fstack-usage -MMD -MP -MF"HAL/LED/HLED_prg.d" -MT"HAL/LED/HLED_prg.o" --specs=nano.specs -mfloat-abi=soft -mthumb -o "HAL/LED/HLED_prg.o"
arm-none-eabi-gcc "../HAL/HSWITCH/HSWITCH_prg.c" -mcpu=cortex-m3 -std=gnu11 -g3 -DDEBUG -DSTM32 -DSTM32F1 -DSTM32F103C8Tx -c -I"G:/All emportant studies/NTI-embedded/ARM/NTI/MY workspace/ARM_UART/MCAL/MAFIO" -I"G:/All emportant studies/NTI-embedded/ARM/NTI/MY workspace/ARM_UART/MCAL/MDMA" -I"G:/All emportant studies/NTI-embedded/ARM/NTI/MY workspace/ARM_UART/MCAL/MUART" -I"G:/All emportant studies/NTI-embedded/ARM/NTI/MY workspace/ARM_UART/MCAL/MEXTI" -I"G:/All emportant studies/NTI-embedded/ARM/NTI/MY workspace/ARM_UART/MCAL/MNVIC" -I../Inc -I"G:/All emportant studies/NTI-embedded/ARM/NTI/MY workspace/ARM_UART/HAL/HLED_MRX" -I"G:/All emportant studies/NTI-embedded/ARM/NTI/MY workspace/ARM_UART/MCAL/MSysTick" -I"G:/All emportant studies/NTI-embedded/ARM/NTI/MY workspace/ARM_UART/HAL/HSWITCH" -I"G:/All emportant studies/NTI-embedded/ARM/NTI/MY workspace/ARM_UART/HAL/LED" -I"G:/All emportant studies/NTI-embedded/ARM/NTI/MY workspace/ARM_UART/MCAL/MGPIO" -I"G:/All emportant studies/NTI-embedded/ARM/NTI/MY workspace/ARM_UART/MCAL/MRCC" -I"G:/All emportant studies/NTI-embedded/ARM/NTI/MY workspace/ARM_UART/HAL" -I"G:/All emportant studies/NTI-embedded/ARM/NTI/MY workspace/ARM_UART/LIB" -I"G:/All emportant studies/NTI-embedded/ARM/NTI/MY workspace/ARM_UART/MCAL" -O0 -ffunction-sections -fdata-sections -Wall -fstack-usage -MMD -MP -MF"HAL/HSWITCH/HSWITCH_prg.d" -MT"HAL/HSWITCH/HSWITCH_prg.o" --specs=nano.specs -mfloat-abi=soft -mthumb -o "HAL/HSWITCH/HSWITCH_prg.o"
arm-none-eabi-gcc "../HAL/HLED_MRX/HLEDMRX_prg.c" -mcpu=cortex-m3 -std=gnu11 -g3 -DDEBUG -DSTM32 -DSTM32F1 -DSTM32F103C8Tx -c -I"G:/All emportant studies/NTI-embedded/ARM/NTI/MY workspace/ARM_UART/MCAL/MAFIO" -I"G:/All emportant studies/NTI-embedded/ARM/NTI/MY workspace/ARM_UART/MCAL/MDMA" -I"G:/All emportant studies/NTI-embedded/ARM/NTI/MY workspace/ARM_UART/MCAL/MUART" -I"G:/All emportant studies/NTI-embedded/ARM/NTI/MY workspace/ARM_UART/MCAL/MEXTI" -I"G:/All emportant studies/NTI-embedded/ARM/NTI/MY workspace/ARM_UART/MCAL/MNVIC" -I../Inc -I"G:/All emportant studies/NTI-embedded/ARM/NTI/MY workspace/ARM_UART/HAL/HLED_MRX" -I"G:/All emportant studies/NTI-embedded/ARM/NTI/MY workspace/ARM_UART/MCAL/MSysTick" -I"G:/All emportant studies/NTI-embedded/ARM/NTI/MY workspace/ARM_UART/HAL/HSWITCH" -I"G:/All emportant studies/NTI-embedded/ARM/NTI/MY workspace/ARM_UART/HAL/LED" -I"G:/All emportant studies/NTI-embedded/ARM/NTI/MY workspace/ARM_UART/MCAL/MGPIO" -I"G:/All emportant studies/NTI-embedded/ARM/NTI/MY workspace/ARM_UART/MCAL/MRCC" -I"G:/All emportant studies/NTI-embedded/ARM/NTI/MY workspace/ARM_UART/HAL" -I"G:/All emportant studies/NTI-embedded/ARM/NTI/MY workspace/ARM_UART/LIB" -I"G:/All emportant studies/NTI-embedded/ARM/NTI/MY workspace/ARM_UART/MCAL" -O0 -ffunction-sections -fdata-sections -Wall -fstack-usage -MMD -MP -MF"HAL/HLED_MRX/HLEDMRX_prg.d" -MT"HAL/HLED_MRX/HLEDMRX_prg.o" --specs=nano.specs -mfloat-abi=soft -mthumb -o "HAL/HLED_MRX/HLEDMRX_prg.o"
arm-none-eabi-gcc "../APP/main.c" -mcpu=cortex-m3 -std=gnu11 -g3 -DDEBUG -DSTM32 -DSTM32F1 -DSTM32F103C8Tx -c -I"G:/All emportant studies/NTI-embedded/ARM/NTI/MY workspace/ARM_UART/MCAL/MAFIO" -I"G:/All emportant studies/NTI-embedded/ARM/NTI/MY workspace/ARM_UART/MCAL/MDMA" -I"G:/All emportant studies/NTI-embedded/ARM/NTI/MY workspace/ARM_UART/MCAL/MUART" -I"G:/All emportant studies/NTI-embedded/ARM/NTI/MY workspace/ARM_UART/MCAL/MEXTI" -I"G:/All emportant studies/NTI-embedded/ARM/NTI/MY workspace/ARM_UART/MCAL/MNVIC" -I../Inc -I"G:/All emportant studies/NTI-embedded/ARM/NTI/MY workspace/ARM_UART/HAL/HLED_MRX" -I"G:/All emportant studies/NTI-embedded/ARM/NTI/MY workspace/ARM_UART/MCAL/MSysTick" -I"G:/All emportant studies/NTI-embedded/ARM/NTI/MY workspace/ARM_UART/HAL/HSWITCH" -I"G:/All emportant studies/NTI-embedded/ARM/NTI/MY workspace/ARM_UART/HAL/LED" -I"G:/All emportant studies/NTI-embedded/ARM/NTI/MY workspace/ARM_UART/MCAL/MGPIO" -I"G:/All emportant studies/NTI-embedded/ARM/NTI/MY workspace/ARM_UART/MCAL/MRCC" -I"G:/All emportant studies/NTI-embedded/ARM/NTI/MY workspace/ARM_UART/HAL" -I"G:/All emportant studies/NTI-embedded/ARM/NTI/MY workspace/ARM_UART/LIB" -I"G:/All emportant studies/NTI-embedded/ARM/NTI/MY workspace/ARM_UART/MCAL" -O0 -ffunction-sections -fdata-sections -Wall -fstack-usage -MMD -MP -MF"APP/main.d" -MT"APP/main.o" --specs=nano.specs -mfloat-abi=soft -mthumb -o "APP/main.o"
../HAL/HLED_MRX/HLEDMRX_prg.c:373:13: warning: 'LEDMRX_voidDisableALLRow' defined but not used [-Wunused-function]
  373 | static void LEDMRX_voidDisableALLRow(void)
      |             ^~~~~~~~~~~~~~~~~~~~~~~~
../APP/main.c: In function 'main':
../APP/main.c:41:5: warning: 'result' is used uninitialized in this function [-Wuninitialized]
   41 |   if(result=='5')
      |     ^
arm-none-eabi-gcc -o "ARM_UART.elf" @"objects.list"   -mcpu=cortex-m3 -T"G:\All emportant studies\NTI-embedded\ARM\NTI\MY workspace\ARM_UART\STM32F103C8TX_FLASH.ld" --specs=nosys.specs -Wl,-Map="ARM_UART.map" -Wl,--gc-sections -static --specs=nano.specs -mfloat-abi=soft -mthumb -Wl,--start-group -lc -lm -Wl,--end-group
Finished building target: ARM_UART.elf
 
arm-none-eabi-objdump -h -S  ARM_UART.elf  > "ARM_UART.list"
arm-none-eabi-objcopy  -O ihex  ARM_UART.elf  "ARM_UART.hex"
arm-none-eabi-objcopy  -O binary  ARM_UART.elf  "ARM_UART.bin"
arm-none-eabi-size   ARM_UART.elf 
Finished building: ARM_UART.list
   text	   data	    bss	    dec	    hex	filename
   2328	      8	   1664	   4000	    fa0	ARM_UART.elf
Finished building: ARM_UART.bin
 
Finished building: default.size.stdout
Finished building: ARM_UART.hex
 
 
 

15:00:41 Build Finished. 0 errors, 7 warnings. (took 6s.58ms)

